func "start":
  +18 br_if: [4, 1]
func "foo":
  +22 br_table: [4, 4, 4, 8]
  +41 br_if: [19, 1]
