<wasm func "main">
  <wasm func "foo">
  <wasm func "bar">
    <wasm func #5>
      <wasm func #1>
  <wasm func "foo">
  <wasm func #5>
    <wasm func #1>
  <wasm func "foo">
  <wasm func "foo">
  <wasm func "foo">
  <wasm func "bar">
    <wasm func #5>
      <wasm func #1>
  <wasm func "bar">
    <wasm func #5>
      <wasm func #1>
  <wasm func "foo">
  <wasm func "foo">
  <wasm func "bar">
    <wasm func #5>
      <wasm func #1>
  <wasm func "foo">
  <wasm func #5>
    <wasm func #1>
  <wasm func "foo">
  <wasm func "foo">
  <wasm func "foo">
  <wasm func "bar">
    <wasm func #5>
      <wasm func #1>
  <wasm func "bar">
    <wasm func #5>
      <wasm func #1>
  <wasm func "foo">
  <wasm func "foo">
  <wasm func "bar">
    <wasm func #5>
      <wasm func #1>
  <wasm func "foo">
  <wasm func #5>
    <wasm func #1>
  <wasm func "foo">
  <wasm func "foo">
  <wasm func "foo">
  <wasm func "bar">
    <wasm func #5>
      <wasm func #1>
  <wasm func "bar">
    <wasm func #5>
      <wasm func #1>
  <wasm func "foo">
  <wasm func "foo">
  <wasm func "bar">
    <wasm func #5>
      <wasm func #1>
  <wasm func "foo">
  <wasm func #5>
    <wasm func #1>
  <wasm func "foo">
  <wasm func "foo">
  <wasm func "foo">
  <wasm func "bar">
    <wasm func #5>
      <wasm func #1>
  <wasm func "bar">
    <wasm func #5>
      <wasm func #1>
  <wasm func "foo">
  <wasm func "foo">
  <wasm func "bar">
    <wasm func #5>
      <wasm func #1>
  <wasm func "foo">
  <wasm func #5>
    <wasm func #1>
  <wasm func "foo">
  <wasm func "foo">
  <wasm func "foo">
  <wasm func "bar">
    <wasm func #5>
      <wasm func #1>
  <wasm func "bar">
    <wasm func #5>
      <wasm func #1>
  <wasm func "foo">
  <wasm func "foo">
  <wasm func "bar">
    <wasm func #5>
      <wasm func #1>
  <wasm func "foo">
  <wasm func #5>
    <wasm func #1>
  <wasm func "foo">
  <wasm func "foo">
  <wasm func "foo">
  <wasm func "bar">
    <wasm func #5>
      <wasm func #1>
  <wasm func "bar">
    <wasm func #5>
      <wasm func #1>
  <wasm func "foo">
  <wasm func "foo">
  <wasm func "bar">
    <wasm func #5>
      <wasm func #1>
  <wasm func "foo">
  <wasm func #5>
    <wasm func #1>
  <wasm func "foo">
  <wasm func "foo">
  <wasm func "foo">
  <wasm func "bar">
    <wasm func #5>
      <wasm func #1>
  <wasm func "bar">
    <wasm func #5>
      <wasm func #1>
  <wasm func "foo">
  <wasm func "foo">
  <wasm func "bar">
    <wasm func #5>
      <wasm func #1>
  <wasm func "foo">
  <wasm func #5>
    <wasm func #1>
  <wasm func "foo">
  <wasm func "foo">
  <wasm func "foo">
  <wasm func "bar">
    <wasm func #5>
      <wasm func #1>
  <wasm func "bar">
    <wasm func #5>
      <wasm func #1>
  <wasm func "foo">
  <wasm func "foo">
  <wasm func "bar">
    <wasm func #5>
      <wasm func #1>
  <wasm func "foo">
  <wasm func #5>
    <wasm func #1>
  <wasm func "foo">
  <wasm func "foo">
  <wasm func "foo">
  <wasm func "bar">
    <wasm func #5>
      <wasm func #1>
  <wasm func "bar">
    <wasm func #5>
      <wasm func #1>
  <wasm func "foo">
  <wasm func "foo">
  <wasm func "bar">
    <wasm func #5>
      <wasm func #1>
  <wasm func "foo">
  <wasm func #5>
    <wasm func #1>
  <wasm func "foo">
  <wasm func "foo">
  <wasm func "foo">
  <wasm func "bar">
    <wasm func #5>
      <wasm func #1>
  <wasm func "bar">
    <wasm func #5>
      <wasm func #1>
  <wasm func "foo">
