<wasm func "bar">
  <wasm func "baz">
<wasm func "baz">
<wasm func "bar">
  <wasm func "baz">
<wasm func "bar">
  <wasm func "baz">
<wasm func "bar">
  <wasm func "baz">
<wasm func "baz">
<wasm func "bar">
  <wasm func "baz">
<wasm func "bar">
  <wasm func "baz">
<wasm func "bar">
  <wasm func "baz">
<wasm func "baz">
<wasm func "bar">
  <wasm func "baz">
<wasm func "bar">
  <wasm func "baz">
<wasm func "bar">
  <wasm func "baz">
<wasm func "baz">
<wasm func "bar">
  <wasm func "baz">
<wasm func "bar">
  <wasm func "baz">
<wasm func "bar">
  <wasm func "baz">
<wasm func "baz">
<wasm func "bar">
  <wasm func "baz">
<wasm func "bar">
  <wasm func "baz">
<wasm func "bar">
  <wasm func "baz">
<wasm func "baz">
<wasm func "bar">
  <wasm func "baz">
<wasm func "bar">
  <wasm func "baz">
<wasm func "bar">
  <wasm func "baz">
<wasm func "baz">
<wasm func "bar">
  <wasm func "baz">
<wasm func "bar">
  <wasm func "baz">
<wasm func "bar">
  <wasm func "baz">
<wasm func "baz">
<wasm func "bar">
  <wasm func "baz">
<wasm func "bar">
  <wasm func "baz">
<wasm func "bar">
  <wasm func "baz">
<wasm func "baz">
<wasm func "bar">
  <wasm func "baz">
<wasm func "bar">
  <wasm func "baz">
<wasm func "bar">
  <wasm func "baz">
<wasm func "baz">
<wasm func "bar">
  <wasm func "baz">
<wasm func "bar">
  <wasm func "baz">
